ⴰⵎⴰⵏ ⴳⵎⵉ!
ⴷⴰ.
ⴽⵔⵣ!
ⵙⵓ!
ⵜⴰⵙⴰ.
ⵢⴰⴷ ⴰⵎⴰⵏ.
ⵀoⵍⴰ!